// Jest Snapshot v1, https://goo.gl/fbAQLP

exports[`<BaseTemplate /> should render base elements 1`] = `
.c22 {
  text-align: center;
  border-top: 0.1rem solid #DDDDDD;
}

.c22 a {
  color: inherit;
  -webkit-text-decoration: none;
  text-decoration: none;
}

.c23 {
  font-size: calc(1.6rem+ 0.2rem);
  line-height: 1.5;
}

.c23 p {
  margin: 2.4rem 0;
}

.c23 a,
.c23 a:visited,
.c23 a:link {
  color: #dc143c;
  -webkit-text-decoration: none;
  text-decoration: none;
  -webkit-transition: all 300ms ease-in-out;
  transition: all 300ms ease-in-out;
}

.c23 a:hover {
  -webkit-filter: brightness(50%);
  filter: brightness(50%);
}

.c23 code {
  font-family: monospace;
  color: #dc143c;
  font-size: 1.6rem;
  background: #DDDDDD;
  padding: 0.2rem;
  margin: 0.2rem;
}

.c23 pre {
  background: #000000;
  padding: 2.4rem;
  font-family: monospace;
  color: #FFFFFF;
  margin: 2.4rem 0;
  width: 100%;
  overflow-x: auto;
  font-size: 1.6rem;
}

.c23 pre code {
  color: inherit;
  background: inherit;
}

.c23 img {
  max-width: 100%;
}

.c23 .image {
  background: #DDDDDD;
  line-height: 0;
  margin: 2.4rem 0;
}

.c23 .image figcaption {
  font-size: 1.6rem;
  padding: 1.6rem;
  text-align: center;
  line-height: 1.3;
  max-width: 50%;
  float: right;
  margin: 2.4rem;
}

.c23 hr {
  border: none;
  border-bottom: 0.1rem solid #DDDDDD;
}

.c23 ul,
.c23 ol {
  margin: 4.0rem 4.0rem;
}

.c23 .table {
  width: 100%;
  overflow: hidden;
  overflow-x: auto;
  margin: 2.4rem;
}

.c23 table {
  width: 100%;
  border-collapse: collapse;
}

.c23 table td,
.c23 table th {
  padding: 1.6rem;
  border: 0.1rem solid #DDDDDD;
}

.c23 blockquote {
  border-left: 0.5rem solid #dc143c;
  color: #AAAAAA;
  -webkit-filter: brightness(80%);
  filter: brightness(80%);
  padding-left: 2.4rem;
  font-style: italic;
  margin: 2.4rem;
}

.c24 {
  position: fixed;
  background: #000000;
  color: #FFFFFF;
  display: -webkit-box;
  display: -webkit-flex;
  display: -ms-flexbox;
  display: flex;
  -webkit-align-items: center;
  -webkit-box-align: center;
  -ms-flex-align: center;
  align-items: center;
  -webkit-box-pack: center;
  -webkit-justify-content: center;
  -ms-flex-pack: center;
  justify-content: center;
  width: 4rem;
  height: 4rem;
  bottom: 2rem;
  right: 2rem;
  z-index: 6;
}

.c6 {
  display: inline-block;
  vertical-align: middle;
  overflow: hidden;
}

.c11 {
  color: #000000;
  line-height: 1.2;
  font-size: 2.4rem;
  text-transform: uppercase;
}

.c17 {
  color: #000000;
  line-height: 1.2;
  font-size: 2.4rem;
  text-transform: none;
}

.c12 {
  display: -webkit-box;
  display: -webkit-flex;
  display: -ms-flexbox;
  display: flex;
  -webkit-align-items: center;
  -webkit-box-align: center;
  -ms-flex-align: center;
  align-items: center;
  -webkit-text-decoration: none;
  text-decoration: none;
  color: inherit;
}

.c12 > img {
  width: 15rem;
  height: 15rem;
  border-radius: 50%;
}

.c15 {
  display: -webkit-box;
  display: -webkit-flex;
  display: -ms-flexbox;
  display: flex;
  -webkit-align-items: center;
  -webkit-box-align: center;
  -ms-flex-align: center;
  align-items: center;
  -webkit-box-pack: center;
  -webkit-justify-content: center;
  -ms-flex-pack: center;
  justify-content: center;
  padding-bottom: 6.4rem;
  width: 100%;
  max-width: 96rem;
  color: #333333;
  font-size: 1.6rem;
  margin: 0 auto;
}

.c15 .c10 {
  margin: 0 0 calc(1.6rem - 1rem);
}

.c16 {
  display: -webkit-box;
  display: -webkit-flex;
  display: -ms-flexbox;
  display: flex;
  -webkit-flex-flow: column wrap;
  -ms-flex-flow: column wrap;
  flex-flow: column wrap;
  margin-left: 3.2rem;
  max-width: 48rem;
}

.c13 {
  display: block;
  color: #FFFFFF;
  -webkit-text-decoration: none;
  text-decoration: none;
  margin-bottom: 1.6rem;
  font-size: 1.8rem;
  border-right: 0.5rem solid #000000;
  -webkit-transition: all 300ms ease-in-out;
  transition: all 300ms ease-in-out;
}

.c13:hover {
  border-right: 0.5rem solid #dc143c;
  color: #dc143c;
}

.c7 {
  background: #000000;
  padding: 3.2rem;
  display: -webkit-box;
  display: -webkit-flex;
  display: -ms-flexbox;
  display: flex;
  position: fixed;
  z-index: 1;
  width: 100%;
  max-width: 32rem;
  height: 100vh;
  top: 0;
  left: 0;
  -webkit-transition: all 300ms ease-in-out;
  transition: all 300ms ease-in-out;
  overflow-y: auto;
  left: -30rem;
  overflow-y: hidden;
}

.c8 {
  margin: auto;
  width: 100%;
}

.c9 .c10 {
  display: -webkit-box;
  display: -webkit-flex;
  display: -ms-flexbox;
  display: flex;
  -webkit-box-pack: center;
  -webkit-justify-content: center;
  -ms-flex-pack: center;
  justify-content: center;
  margin: 0;
  margin-bottom: 4.8rem;
}

.c9 .c10 img {
  border: 0.5rem solid #dc143c;
}

.c5 {
  position: fixed;
  top: 2.4rem;
  color: #FFFFFF;
  background: #000000;
  z-index: 2;
  width: 3rem;
  height: 3rem;
  left: 26rem;
  -webkit-transition: all 300ms ease-in-out;
  transition: all 300ms ease-in-out;
  left: 1rem;
  color: #FFFFFF;
}

.c0 {
  position: fixed;
  top: 2rem;
  right: 2rem;
  z-index: 2;
}

.c1 {
  position: relative;
  display: inline-block;
  width: 5rem;
  height: 2.5rem;
  line-height: 0;
  font-size: 0;
  overflow: hidden;
  color: rgba(0,0,0,0);
}

.c2 {
  -webkit-appearance: none;
  -moz-appearance: none;
  appearance: none;
  opacity: 0;
  width: 0;
  height: 0;
}

.c2:checked + .c3 {
  background: #dc143c;
}

.c2:focus + .c3 {
  box-shadow: 0 0 1px #dc143c;
}

.c2:checked + .c3:before {
  -webkit-transform: translateX(1.9rem);
  -ms-transform: translateX(1.9rem);
  transform: translateX(1.9rem);
  background: #000000;
}

.c4 {
  position: absolute;
  cursor: pointer;
  top: 0;
  left: 0;
  right: 0;
  bottom: 0;
  background: #DDDDDD;
  -webkit-transition: all 300ms ease-in-out;
  transition: all 300ms ease-in-out;
  border-radius: 2rem;
  box-shadow: 0 0 1px #000000;
}

.c4:before {
  content: '';
  position: absolute;
  height: 2.1rem;
  width: 2.1rem;
  left: 0.4rem;
  bottom: 0.2rem;
  background: #333333;
  border-radius: 50%;
  -webkit-transition: all 300ms ease-in-out;
  transition: all 300ms ease-in-out;
}

.c14 {
  margin-top: 6.4rem;
  padding: 0 3.2rem;
}

.c18 {
  margin: 0 auto;
  margin-bottom: 4.0rem;
  padding: 0 3.2rem;
  max-width: 120rem;
  width: 100%;
  display: -webkit-box;
  display: -webkit-flex;
  display: -ms-flexbox;
  display: flex;
  -webkit-align-items: center;
  -webkit-box-align: center;
  -ms-flex-align: center;
  align-items: center;
  -webkit-box-pack: center;
  -webkit-justify-content: center;
  -ms-flex-pack: center;
  justify-content: center;
}

.c19 {
  padding: 0.5rem 1.6rem;
}

.c20 {
  max-width: 120rem;
  width: 100%;
  margin: 0 auto;
  margin-bottom: 6.4rem;
}

.c21 {
  max-width: 120rem;
  width: 100%;
  margin: 0 auto;
  padding: 3.2rem;
}

@media (max-width:768px) {
  .c23 {
    font-size: 2rem;
  }

  .c23 .image-style-side {
    max-width: 100%;
    float: none;
    margin: 0;
  }
}

@media (max-width:360px) {
  .c15 {
    display: -webkit-box;
    display: -webkit-flex;
    display: -ms-flexbox;
    display: flex;
    -webkit-flex-flow: column wrap;
    -ms-flex-flow: column wrap;
    flex-flow: column wrap;
  }

  .c15 > .c10 {
    margin: 0 0 2.4rem 0;
  }
}

@media (max-width:360px) {
  .c16 {
    margin-left: 0;
  }
}

@media (max-width:768px) {
  .c7 {
    left: -32rem;
  }
}

@media (max-width:768px) {
  .c5 {
    left: -0.5rem;
  }
}

<div>
  <div
    class=""
  >
    <div
      class="c0"
    >
      <label
        class="c1"
      >
        Toggle light and dark modes
        <input
          class="c2"
          type="checkbox"
          value="Dark mode active"
        />
        <span
          class="c3 c4"
        />
      </label>
    </div>
    <a
      aria-label="Open or close menu"
      class="c5"
      href="#"
      title="Open or close menu"
    >
      <svg
        aria-hidden="true"
        aria-label="Open menu"
        class="c6"
        fill="currentColor"
        focusable="false"
        viewBox="0 0 24 24"
        xmlns="http://www.w3.org/2000/svg"
      >
        <path
          d="M0 0h24v24H0V0z"
          fill="none"
        />
        <path
          d="M3 18h18v-2H3v2zm0-5h18v-2H3v2zm0-7v2h18V6H3z"
        />
      </svg>
    </a>
    <div
      aria-hidden="true"
      class="c7"
    >
      <nav
        class="c8"
      >
        <div
          class="c9"
        >
          <h1
            class="c10 c11"
          >
            <a
              class="c12"
              href="/"
              target="_self"
            >
              <img
                alt="Otávio Miranda"
                src="https://res.cloudinary.com/dlizakp2a/image/upload/v1614698965/Ubuntu_gel_by_Midge_Mantissa_Sinnaeve_7caea7ddb4.jpg"
              />
            </a>
          </h1>
        </div>
        <a
          class="c13"
          href="#target"
          target="_self"
        >
          O texto
        </a>
        <a
          class="c13"
          href="#link2"
          target="_blank"
        >
          o LINK 2
        </a>
      </nav>
    </div>
    <div
      class="c14"
    >
      <header
        class="c15"
      >
        <h1
          class="c10 c11"
        >
          <a
            class="c12"
            href="/"
            target="_self"
          >
            <img
              alt="Otávio Miranda - Uma descrição para o seu blog."
              src="https://res.cloudinary.com/dlizakp2a/image/upload/v1614698965/Ubuntu_gel_by_Midge_Mantissa_Sinnaeve_7caea7ddb4.jpg"
            />
          </a>
        </h1>
        <div
          class="c16"
        >
          <h2
            class="c10 c17"
          >
            Otávio Miranda
          </h2>
          <p>
            Uma descrição para o seu blog.
          </p>
        </div>
      </header>
    </div>
    <div
      class="c18"
    >
      <form
        action="/search/"
        method="GET"
      >
        <input
          class="c19"
          name="q"
          placeholder="Encontre posts"
          type="search"
          value=""
        />
      </form>
    </div>
    <div
      class="c20"
    >
      Olá mundo
    </div>
    <div
      class="c21"
    >
      <footer
        class="c22"
      >
        <div
          class="c23"
        >
          <p>
            O texto da footer
          </p>
        </div>
      </footer>
    </div>
    <a
      class="c24"
      href="#"
      title="Go to top"
    >
      <svg
        aria-hidden="true"
        class="c6"
        fill="currentColor"
        focusable="false"
        viewBox="0 0 24 24"
        xmlns="http://www.w3.org/2000/svg"
      >
        <path
          d="M3 19h18a1.002 1.002 0 00.823-1.569l-9-13c-.373-.539-1.271-.539-1.645 0l-9 13A.999.999 0 003 19zm9-12.243L19.092 17H4.908L12 6.757z"
        />
      </svg>
    </a>
  </div>
</div>
`;
